// Jest Snapshot v1, https://goo.gl/fbAQLP

exports[`ArtworkImage  renders correctly 1`] = `""`;
