// Jest Snapshot v1, https://goo.gl/fbAQLP

exports[`Artwork  renders correctly 1`] = `
.c2 {
  white-space: nowrap;
  display: inline;
}

.c3 {
  position: relative;
  color: pink;
}

.c3:before {
  content: "";
  border-bottom: rgb(0,0,0) solid 0.16em;
  left: 0;
  right: 0;
  bottom: 0;
  position: absolute;
}

.c0 {
  width: 100%;
  background-clip: padding-box;
  margin-bottom: 80px;
}

.c6 {
  padding-top: 15px;
  width: -webkit-fit-content;
  width: -moz-fit-content;
  width: fit-content;
  min-height: 10px;
  margin-left: 29px;
}

.c7 {
  position: relative;
}

.c7::after {
  content: "";
  position: absolute;
  top: 50%;
  -webkit-transform: translateY(-50%) translateX(-30px);
  -ms-transform: translateY(-50%) translateX(-30px);
  transform: translateY(-50%) translateX(-30px);
  border-radius: 50%;
  left: 0;
  width: 20px;
  height: 20px;
  background-color: green;
}

.c4 {
  display: -webkit-box;
  display: -webkit-flex;
  display: -ms-flexbox;
  display: flex;
  -webkit-flex-wrap: wrap;
  -ms-flex-wrap: wrap;
  flex-wrap: wrap;
  -webkit-align-items: center;
  -webkit-box-align: center;
  -ms-flex-align: center;
  align-items: center;
  font-size: 1.35rem;
  font-weight: 500;
}

.c5 {
  width: 100%;
  display: -webkit-box;
  display: -webkit-flex;
  display: -ms-flexbox;
  display: flex;
  -webkit-flex-wrap: wrap;
  -ms-flex-wrap: wrap;
  flex-wrap: wrap;
}

.c8 {
  padding-left: 10px;
  padding-top: 15px;
  margin-left: auto;
  width: -webkit-fit-content;
  width: -moz-fit-content;
  width: fit-content;
  text-align: right;
}

.c1 {
  margin-top: 10px;
  font-size: 1rem;
  margin-bottom: 5px;
}

@media 100 {
  .c1 {
    font-size: 1.35rem;
  }
}

<div
  className="c0"
  data-testid="artwork-prev"
  onClick={[Function]}
  onMouseEnter={[Function]}
  onMouseLeave={[Function]}
  role="button"
>
  
  <h3
    className="c1"
  >
    <span
      className="c2"
    >
      #Meet
      <span
        className="c3"
        color="#f5c5d9"
      >
        Frida
      </span>
    </span>
  </h3>
  <div
    className="c4"
  >
    <div
      className="c5"
    >
      <div
        className="c6"
      >
        <span
          className="c7"
        >
          prop 
        </span>
        artworkName is missing
      </div>
      <div
        className="c8"
      >
        119047619047620
        â‚¬
      </div>
    </div>
  </div>
</div>
`;
